com\certificacion\automatizacion\wappi\models\Paginas.class
com\certificacion\automatizacion\wappi\questions\pantallaloguin\ContrasenaIncorrecta.class
com\certificacion\automatizacion\wappi\models\DatosLogin.class
com\certificacion\automatizacion\wappi\questions\ObservarMisPedidos.class
com\certificacion\automatizacion\wappi\userinterfaces\PedirOrdenUserInterface.class
com\certificacion\automatizacion\wappi\questions\Cupones.class
com\certificacion\automatizacion\wappi\questions\OrdenPedido.class
com\certificacion\automatizacion\wappi\questions\pantallainformacioncliente\FechaNacimiento.class
com\certificacion\automatizacion\wappi\userinterfaces\SolicitarCuponUserInterface.class
com\certificacion\automatizacion\wappi\questions\Login.class
com\certificacion\automatizacion\wappi\questions\pantallaloguin\UsuarioIncorrecto.class
com\certificacion\automatizacion\wappi\userinterfaces\PaginaCupones.class
com\certificacion\automatizacion\wappi\interactions\ScrollDown.class
com\certificacion\automatizacion\wappi\questions\pantallainformacioncliente\Imagen.class
com\certificacion\automatizacion\wappi\tasks\PedirUnaOrdenUtilizandoCupon.class
com\certificacion\automatizacion\wappi\tasks\IngresarDatosLogin.class
com\certificacion\automatizacion\wappi\questions\ActualizarInformacion.class
com\certificacion\automatizacion\wappi\questions\pantallainformacioncliente\Apellido.class
com\certificacion\automatizacion\wappi\tasks\PedirDosProductosConElMismoCupon.class
com\certificacion\automatizacion\wappi\models\OrdenPedido.class
com\certificacion\automatizacion\wappi\tasks\ObservarMisProductos.class
com\certificacion\automatizacion\wappi\questions\pantallainformacioncliente\Nombre.class
com\certificacion\automatizacion\wappi\userinterfaces\ActualizarInfoPersonalUserInterfaces.class
com\certificacion\automatizacion\wappi\tasks\ActualizarDatosPersonal.class
com\certificacion\automatizacion\wappi\tasks\PedirTresProductosConElMismoCupon.class
com\certificacion\automatizacion\wappi\userinterfaces\LoginUserInterface.class
com\certificacion\automatizacion\wappi\models\DatosInfoPersonal.class
com\certificacion\automatizacion\wappi\questions\CuponInvalido.class
com\certificacion\automatizacion\wappi\tasks\AbrirNavegador.class
com\certificacion\automatizacion\wappi\tasks\PedirOrden.class
com\certificacion\automatizacion\wappi\userinterfaces\MisProductosUserInterface.class
