C:\Users\Navelis Mieles\Desktop\Automatizacion_Wappi\src\main\java\com\certificacion\automatizacion\wappi\tasks\PedirDosProductosConElMismoCupon.java
C:\Users\Navelis Mieles\Desktop\Automatizacion_Wappi\src\main\java\com\certificacion\automatizacion\wappi\userinterfaces\LoginUserInterface.java
C:\Users\Navelis Mieles\Desktop\Automatizacion_Wappi\src\main\java\com\certificacion\automatizacion\wappi\questions\ObservarMisPedidos.java
C:\Users\Navelis Mieles\Desktop\Automatizacion_Wappi\src\main\java\com\certificacion\automatizacion\wappi\questions\pantallainformacioncliente\Imagen.java
C:\Users\Navelis Mieles\Desktop\Automatizacion_Wappi\src\main\java\com\certificacion\automatizacion\wappi\userinterfaces\PaginaCupones.java
C:\Users\Navelis Mieles\Desktop\Automatizacion_Wappi\src\main\java\com\certificacion\automatizacion\wappi\tasks\PedirTresProductosConElMismoCupon.java
C:\Users\Navelis Mieles\Desktop\Automatizacion_Wappi\src\main\java\com\certificacion\automatizacion\wappi\models\DatosLogin.java
C:\Users\Navelis Mieles\Desktop\Automatizacion_Wappi\src\main\java\com\certificacion\automatizacion\wappi\tasks\PedirOrden.java
C:\Users\Navelis Mieles\Desktop\Automatizacion_Wappi\src\main\java\com\certificacion\automatizacion\wappi\questions\pantallainformacioncliente\Nombre.java
C:\Users\Navelis Mieles\Desktop\Automatizacion_Wappi\src\main\java\com\certificacion\automatizacion\wappi\userinterfaces\MisProductosUserInterface.java
C:\Users\Navelis Mieles\Desktop\Automatizacion_Wappi\src\main\java\com\certificacion\automatizacion\wappi\questions\CuponInvalido.java
C:\Users\Navelis Mieles\Desktop\Automatizacion_Wappi\src\main\java\com\certificacion\automatizacion\wappi\questions\pantallaloguin\UsuarioIncorrecto.java
C:\Users\Navelis Mieles\Desktop\Automatizacion_Wappi\src\main\java\com\certificacion\automatizacion\wappi\userinterfaces\SolicitarCuponUserInterface.java
C:\Users\Navelis Mieles\Desktop\Automatizacion_Wappi\src\main\java\com\certificacion\automatizacion\wappi\questions\pantallainformacioncliente\Apellido.java
C:\Users\Navelis Mieles\Desktop\Automatizacion_Wappi\src\main\java\com\certificacion\automatizacion\wappi\tasks\ActualizarDatosPersonal.java
C:\Users\Navelis Mieles\Desktop\Automatizacion_Wappi\src\main\java\com\certificacion\automatizacion\wappi\questions\Cupones.java
C:\Users\Navelis Mieles\Desktop\Automatizacion_Wappi\src\main\java\com\certificacion\automatizacion\wappi\questions\ActualizarInformacion.java
C:\Users\Navelis Mieles\Desktop\Automatizacion_Wappi\src\main\java\com\certificacion\automatizacion\wappi\questions\pantallaloguin\ContrasenaIncorrecta.java
C:\Users\Navelis Mieles\Desktop\Automatizacion_Wappi\src\main\java\com\certificacion\automatizacion\wappi\userinterfaces\ActualizarInfoPersonalUserInterfaces.java
C:\Users\Navelis Mieles\Desktop\Automatizacion_Wappi\src\main\java\com\certificacion\automatizacion\wappi\questions\OrdenPedido.java
C:\Users\Navelis Mieles\Desktop\Automatizacion_Wappi\src\main\java\com\certificacion\automatizacion\wappi\questions\Login.java
C:\Users\Navelis Mieles\Desktop\Automatizacion_Wappi\src\main\java\com\certificacion\automatizacion\wappi\tasks\IngresarDatosLogin.java
C:\Users\Navelis Mieles\Desktop\Automatizacion_Wappi\src\main\java\com\certificacion\automatizacion\wappi\tasks\ObservarMisProductos.java
C:\Users\Navelis Mieles\Desktop\Automatizacion_Wappi\src\main\java\com\certificacion\automatizacion\wappi\models\OrdenPedido.java
C:\Users\Navelis Mieles\Desktop\Automatizacion_Wappi\src\main\java\com\certificacion\automatizacion\wappi\questions\pantallainformacioncliente\FechaNacimiento.java
C:\Users\Navelis Mieles\Desktop\Automatizacion_Wappi\src\main\java\com\certificacion\automatizacion\wappi\interactions\ScrollDown.java
C:\Users\Navelis Mieles\Desktop\Automatizacion_Wappi\src\main\java\com\certificacion\automatizacion\wappi\models\DatosInfoPersonal.java
C:\Users\Navelis Mieles\Desktop\Automatizacion_Wappi\src\main\java\com\certificacion\automatizacion\wappi\userinterfaces\PedirOrdenUserInterface.java
C:\Users\Navelis Mieles\Desktop\Automatizacion_Wappi\src\main\java\com\certificacion\automatizacion\wappi\tasks\AbrirNavegador.java
C:\Users\Navelis Mieles\Desktop\Automatizacion_Wappi\src\main\java\com\certificacion\automatizacion\wappi\models\Paginas.java
C:\Users\Navelis Mieles\Desktop\Automatizacion_Wappi\src\main\java\com\certificacion\automatizacion\wappi\tasks\PedirUnaOrdenUtilizandoCupon.java
